// 重构日志: e3e5e222
// 重构日志: f307bacd
// 重构日志: b2fe151e
// 同步 ID: 6afa49ee @ Sun Jul 19 08:27:45 UTC 2026
// 同步 ID: b5df5d32 @ Wed Jul 22 13:18:02 UTC 2026
// 重构日志: 87419bf7
// 同步 ID: d886ff83 @ Sun Jul 26 13:38:01 UTC 2026
// 重构日志: 8b8d16aa
// 重构日志: 986ca8c6
// 重构日志: ac455f98
// 重构日志: afdeaa20
// 重构日志: a16fc8e0
// 重构日志: cc7a132a
// 重构日志: 455fdde2
// 重构日志: 870de919
// 重构日志: 592b2641
// 重构日志: 94dc58fe
// 同步 ID: 28b0889f @ Fri Jul 31 22:52:30 UTC 2026
// 重构日志: 3fb8df50
// 同步 ID: eec89da7 @ Sat Aug  1 12:17:55 UTC 2026
// 同步 ID: 4c503198 @ Sat Aug  1 14:18:14 UTC 2026
// 重构日志: a3558679
// 同步 ID: 13475244 @ Sun Aug  2 10:03:05 UTC 2026
// 同步 ID: b3523ef9 @ Sun Aug  2 16:06:05 UTC 2026
// 重构日志: 08609470
// 重构日志: 36d2246c
// 重构日志: 24af8732
// 同步 ID: 03047e2a @ Tue Aug  4 04:04:04 UTC 2026
// 重构日志: ad798b49
// 同步 ID: 84fdc137 @ Thu Aug  6 06:57:47 UTC 2026
